3778 : 2026-07-23 21:28:04,610 : INFO : telemetry.main : Attempt start. Configuration directory [/home/jhonny/.azure]. Cache directory [/home/jhonny/.azure/telemetry/20260723212804476].
3778 : 2026-07-23 21:28:04,625 : INFO : telemetry.records : 1 cache files to upload.
3778 : 2026-07-23 21:28:04,625 : INFO : telemetry.records : Processed file /home/jhonny/.azure/telemetry/20260723212804476/cache into 1 records.
3778 : 2026-07-23 21:28:04,626 : INFO : telemetry.records : Remove directory /home/jhonny/.azure/telemetry/20260723212804476
3778 : 2026-07-23 21:28:04,626 : INFO : telemetry.client : Accumulated 1 events. Flush the clients.
3778 : 2026-07-23 21:28:04,626 : INFO : telemetry.client : Flush client c4395b75-49cc-422c-bc95-c7d51aef5d46.
3778 : 2026-07-23 21:28:04,696 : INFO : telemetry.sender : Sending 4551 bytes
3778 : 2026-07-23 21:28:04,696 : INFO : telemetry.sender : Finish uploading in 0.069560 seconds.
3820 : 2026-07-23 21:28:05,702 : INFO : telemetry.main : Attempt start. Configuration directory [/home/jhonny/.azure]. Cache directory [/home/jhonny/.azure/telemetry/20260723212805624].
3820 : 2026-07-23 21:28:05,712 : INFO : telemetry.records : 1 cache files to upload.
3820 : 2026-07-23 21:28:05,713 : INFO : telemetry.records : Processed file /home/jhonny/.azure/telemetry/20260723212805624/cache into 1 records.
3820 : 2026-07-23 21:28:05,713 : INFO : telemetry.records : Remove directory /home/jhonny/.azure/telemetry/20260723212805624
3820 : 2026-07-23 21:28:05,713 : INFO : telemetry.client : Accumulated 1 events. Flush the clients.
3820 : 2026-07-23 21:28:05,713 : INFO : telemetry.client : Flush client c4395b75-49cc-422c-bc95-c7d51aef5d46.
3820 : 2026-07-23 21:28:05,772 : INFO : telemetry.sender : Sending 4450 bytes
3820 : 2026-07-23 21:28:05,772 : INFO : telemetry.sender : Finish uploading in 0.058251 seconds.
3829 : 2026-07-23 21:28:06,072 : INFO : telemetry.main : Attempt start. Configuration directory [/home/jhonny/.azure]. Cache directory [/home/jhonny/.azure/telemetry/20260723212805983].
3829 : 2026-07-23 21:28:06,104 : INFO : telemetry.records : 1 cache files to upload.
3829 : 2026-07-23 21:28:06,106 : INFO : telemetry.records : Processed file /home/jhonny/.azure/telemetry/20260723212805983/cache into 1 records.
3829 : 2026-07-23 21:28:06,107 : INFO : telemetry.records : Remove directory /home/jhonny/.azure/telemetry/20260723212805983
3829 : 2026-07-23 21:28:06,109 : INFO : telemetry.client : Accumulated 1 events. Flush the clients.
3829 : 2026-07-23 21:28:06,109 : INFO : telemetry.client : Flush client c4395b75-49cc-422c-bc95-c7d51aef5d46.
3829 : 2026-07-23 21:28:06,182 : INFO : telemetry.sender : Sending 4532 bytes
3829 : 2026-07-23 21:28:06,182 : INFO : telemetry.sender : Finish uploading in 0.071500 seconds.
3847 : 2026-07-23 21:28:07,018 : INFO : telemetry.main : Attempt start. Configuration directory [/home/jhonny/.azure]. Cache directory [/home/jhonny/.azure/telemetry/20260723212806903].
3847 : 2026-07-23 21:28:07,036 : INFO : telemetry.records : 1 cache files to upload.
3847 : 2026-07-23 21:28:07,036 : INFO : telemetry.records : Processed file /home/jhonny/.azure/telemetry/20260723212806903/cache into 1 records.
3847 : 2026-07-23 21:28:07,036 : INFO : telemetry.records : Remove directory /home/jhonny/.azure/telemetry/20260723212806903
3847 : 2026-07-23 21:28:07,037 : INFO : telemetry.client : Accumulated 1 events. Flush the clients.
3847 : 2026-07-23 21:28:07,037 : INFO : telemetry.client : Flush client c4395b75-49cc-422c-bc95-c7d51aef5d46.
3847 : 2026-07-23 21:28:07,101 : INFO : telemetry.sender : Sending 4564 bytes
3847 : 2026-07-23 21:28:07,101 : INFO : telemetry.sender : Finish uploading in 0.063600 seconds.
4002 : 2026-07-23 21:32:43,072 : INFO : telemetry.main : Attempt start. Configuration directory [/home/jhonny/.azure]. Cache directory [/home/jhonny/.azure/telemetry/20260723213242992].
4002 : 2026-07-23 21:32:43,084 : INFO : telemetry.records : 1 cache files to upload.
4002 : 2026-07-23 21:32:43,084 : INFO : telemetry.records : Processed file /home/jhonny/.azure/telemetry/20260723213242992/cache into 1 records.
4002 : 2026-07-23 21:32:43,085 : INFO : telemetry.records : Remove directory /home/jhonny/.azure/telemetry/20260723213242992
4002 : 2026-07-23 21:32:43,085 : INFO : telemetry.client : Accumulated 1 events. Flush the clients.
4002 : 2026-07-23 21:32:43,085 : INFO : telemetry.client : Flush client c4395b75-49cc-422c-bc95-c7d51aef5d46.
4002 : 2026-07-23 21:32:43,201 : INFO : telemetry.sender : Sending 4552 bytes
4002 : 2026-07-23 21:32:43,201 : INFO : telemetry.sender : Finish uploading in 0.115877 seconds.
4065 : 2026-07-23 21:34:24,614 : INFO : telemetry.main : Attempt start. Configuration directory [/home/jhonny/.azure]. Cache directory [/home/jhonny/.azure/telemetry/20260723213424536].
4065 : 2026-07-23 21:34:24,625 : INFO : telemetry.records : 1 cache files to upload.
4065 : 2026-07-23 21:34:24,625 : INFO : telemetry.records : Processed file /home/jhonny/.azure/telemetry/20260723213424536/cache into 1 records.
4065 : 2026-07-23 21:34:24,625 : INFO : telemetry.records : Remove directory /home/jhonny/.azure/telemetry/20260723213424536
4065 : 2026-07-23 21:34:24,625 : INFO : telemetry.client : Accumulated 1 events. Flush the clients.
4065 : 2026-07-23 21:34:24,626 : INFO : telemetry.client : Flush client c4395b75-49cc-422c-bc95-c7d51aef5d46.
4065 : 2026-07-23 21:34:24,788 : INFO : telemetry.sender : Sending 4597 bytes
4065 : 2026-07-23 21:34:24,788 : INFO : telemetry.sender : Finish uploading in 0.162211 seconds.
4080 : 2026-07-23 21:34:27,253 : INFO : telemetry.main : Attempt start. Configuration directory [/home/jhonny/.azure]. Cache directory [/home/jhonny/.azure/telemetry/20260723213427146].
4080 : 2026-07-23 21:34:27,269 : INFO : telemetry.records : 1 cache files to upload.
4080 : 2026-07-23 21:34:27,270 : INFO : telemetry.records : Processed file /home/jhonny/.azure/telemetry/20260723213427146/cache into 1 records.
4080 : 2026-07-23 21:34:27,270 : INFO : telemetry.records : Remove directory /home/jhonny/.azure/telemetry/20260723213427146
4080 : 2026-07-23 21:34:27,271 : INFO : telemetry.client : Accumulated 1 events. Flush the clients.
4080 : 2026-07-23 21:34:27,271 : INFO : telemetry.client : Flush client c4395b75-49cc-422c-bc95-c7d51aef5d46.
4080 : 2026-07-23 21:34:27,341 : INFO : telemetry.sender : Sending 4741 bytes
4080 : 2026-07-23 21:34:27,341 : INFO : telemetry.sender : Finish uploading in 0.070414 seconds.
4095 : 2026-07-23 21:34:28,569 : INFO : telemetry.main : Attempt start. Configuration directory [/home/jhonny/.azure]. Cache directory [/home/jhonny/.azure/telemetry/20260723213428463].
4095 : 2026-07-23 21:34:28,585 : INFO : telemetry.records : 1 cache files to upload.
4095 : 2026-07-23 21:34:28,586 : INFO : telemetry.records : Processed file /home/jhonny/.azure/telemetry/20260723213428463/cache into 1 records.
4095 : 2026-07-23 21:34:28,586 : INFO : telemetry.records : Remove directory /home/jhonny/.azure/telemetry/20260723213428463
4095 : 2026-07-23 21:34:28,586 : INFO : telemetry.client : Accumulated 1 events. Flush the clients.
4095 : 2026-07-23 21:34:28,586 : INFO : telemetry.client : Flush client c4395b75-49cc-422c-bc95-c7d51aef5d46.
4095 : 2026-07-23 21:34:28,662 : INFO : telemetry.sender : Sending 5052 bytes
4095 : 2026-07-23 21:34:28,662 : INFO : telemetry.sender : Finish uploading in 0.075065 seconds.
4119 : 2026-07-23 21:34:31,125 : INFO : telemetry.main : Attempt start. Configuration directory [/home/jhonny/.azure]. Cache directory [/home/jhonny/.azure/telemetry/20260723213431012].
4119 : 2026-07-23 21:34:31,141 : INFO : telemetry.records : 1 cache files to upload.
4119 : 2026-07-23 21:34:31,141 : INFO : telemetry.records : Processed file /home/jhonny/.azure/telemetry/20260723213431012/cache into 1 records.
4119 : 2026-07-23 21:34:31,141 : INFO : telemetry.records : Remove directory /home/jhonny/.azure/telemetry/20260723213431012
4119 : 2026-07-23 21:34:31,142 : INFO : telemetry.client : Accumulated 1 events. Flush the clients.
4119 : 2026-07-23 21:34:31,142 : INFO : telemetry.client : Flush client c4395b75-49cc-422c-bc95-c7d51aef5d46.
4119 : 2026-07-23 21:34:31,277 : INFO : telemetry.sender : Sending 4552 bytes
4119 : 2026-07-23 21:34:31,277 : INFO : telemetry.sender : Finish uploading in 0.135257 seconds.
4134 : 2026-07-23 21:34:36,725 : INFO : telemetry.main : Attempt start. Configuration directory [/home/jhonny/.azure]. Cache directory [/home/jhonny/.azure/telemetry/20260723213436647].
4134 : 2026-07-23 21:34:36,736 : INFO : telemetry.records : 1 cache files to upload.
4134 : 2026-07-23 21:34:36,736 : INFO : telemetry.records : Processed file /home/jhonny/.azure/telemetry/20260723213436647/cache into 1 records.
4134 : 2026-07-23 21:34:36,736 : INFO : telemetry.records : Remove directory /home/jhonny/.azure/telemetry/20260723213436647
4134 : 2026-07-23 21:34:36,737 : INFO : telemetry.client : Accumulated 1 events. Flush the clients.
4134 : 2026-07-23 21:34:36,737 : INFO : telemetry.client : Flush client c4395b75-49cc-422c-bc95-c7d51aef5d46.
4134 : 2026-07-23 21:34:36,793 : INFO : telemetry.sender : Sending 4595 bytes
4134 : 2026-07-23 21:34:36,793 : INFO : telemetry.sender : Finish uploading in 0.056312 seconds.
4150 : 2026-07-23 21:34:39,200 : INFO : telemetry.main : Attempt start. Configuration directory [/home/jhonny/.azure]. Cache directory [/home/jhonny/.azure/telemetry/20260723213439122].
4150 : 2026-07-23 21:34:39,211 : INFO : telemetry.records : 1 cache files to upload.
4150 : 2026-07-23 21:34:39,211 : INFO : telemetry.records : Processed file /home/jhonny/.azure/telemetry/20260723213439122/cache into 1 records.
4150 : 2026-07-23 21:34:39,212 : INFO : telemetry.records : Remove directory /home/jhonny/.azure/telemetry/20260723213439122
4150 : 2026-07-23 21:34:39,212 : INFO : telemetry.client : Accumulated 1 events. Flush the clients.
4150 : 2026-07-23 21:34:39,212 : INFO : telemetry.client : Flush client c4395b75-49cc-422c-bc95-c7d51aef5d46.
4150 : 2026-07-23 21:34:39,268 : INFO : telemetry.sender : Sending 4741 bytes
4150 : 2026-07-23 21:34:39,268 : INFO : telemetry.sender : Finish uploading in 0.056106 seconds.
4165 : 2026-07-23 21:34:40,374 : INFO : telemetry.main : Attempt start. Configuration directory [/home/jhonny/.azure]. Cache directory [/home/jhonny/.azure/telemetry/20260723213440296].
4165 : 2026-07-23 21:34:40,385 : INFO : telemetry.records : 1 cache files to upload.
4165 : 2026-07-23 21:34:40,385 : INFO : telemetry.records : Processed file /home/jhonny/.azure/telemetry/20260723213440296/cache into 1 records.
4165 : 2026-07-23 21:34:40,386 : INFO : telemetry.records : Remove directory /home/jhonny/.azure/telemetry/20260723213440296
4165 : 2026-07-23 21:34:40,386 : INFO : telemetry.client : Accumulated 1 events. Flush the clients.
4165 : 2026-07-23 21:34:40,386 : INFO : telemetry.client : Flush client c4395b75-49cc-422c-bc95-c7d51aef5d46.
4165 : 2026-07-23 21:34:40,441 : INFO : telemetry.sender : Sending 5052 bytes
4165 : 2026-07-23 21:34:40,441 : INFO : telemetry.sender : Finish uploading in 0.054627 seconds.
4235 : 2026-07-23 21:36:30,758 : INFO : telemetry.main : Attempt start. Configuration directory [/home/jhonny/.azure]. Cache directory [/home/jhonny/.azure/telemetry/20260723213630680].
4235 : 2026-07-23 21:36:30,769 : INFO : telemetry.records : 1 cache files to upload.
4235 : 2026-07-23 21:36:30,769 : INFO : telemetry.records : Processed file /home/jhonny/.azure/telemetry/20260723213630680/cache into 1 records.
4235 : 2026-07-23 21:36:30,769 : INFO : telemetry.records : Remove directory /home/jhonny/.azure/telemetry/20260723213630680
4235 : 2026-07-23 21:36:30,770 : INFO : telemetry.client : Accumulated 1 events. Flush the clients.
4235 : 2026-07-23 21:36:30,770 : INFO : telemetry.client : Flush client c4395b75-49cc-422c-bc95-c7d51aef5d46.
4235 : 2026-07-23 21:36:30,831 : INFO : telemetry.sender : Sending 4741 bytes
4235 : 2026-07-23 21:36:30,831 : INFO : telemetry.sender : Finish uploading in 0.061492 seconds.
4293 : 2026-07-23 21:38:25,859 : INFO : telemetry.main : Attempt start. Configuration directory [/home/jhonny/.azure]. Cache directory [/home/jhonny/.azure/telemetry/20260723213825752].
4293 : 2026-07-23 21:38:25,875 : INFO : telemetry.records : 1 cache files to upload.
4293 : 2026-07-23 21:38:25,875 : INFO : telemetry.records : Processed file /home/jhonny/.azure/telemetry/20260723213825752/cache into 1 records.
4293 : 2026-07-23 21:38:25,876 : INFO : telemetry.records : Remove directory /home/jhonny/.azure/telemetry/20260723213825752
4293 : 2026-07-23 21:38:25,876 : INFO : telemetry.client : Accumulated 1 events. Flush the clients.
4293 : 2026-07-23 21:38:25,876 : INFO : telemetry.client : Flush client c4395b75-49cc-422c-bc95-c7d51aef5d46.
4293 : 2026-07-23 21:38:25,951 : INFO : telemetry.sender : Sending 4596 bytes
4293 : 2026-07-23 21:38:25,951 : INFO : telemetry.sender : Finish uploading in 0.074597 seconds.
4330 : 2026-07-23 21:39:06,968 : INFO : telemetry.main : Attempt start. Configuration directory [/home/jhonny/.azure]. Cache directory [/home/jhonny/.azure/telemetry/20260723213906862].
4330 : 2026-07-23 21:39:06,984 : INFO : telemetry.records : 1 cache files to upload.
4330 : 2026-07-23 21:39:06,985 : INFO : telemetry.records : Processed file /home/jhonny/.azure/telemetry/20260723213906862/cache into 1 records.
4330 : 2026-07-23 21:39:06,985 : INFO : telemetry.records : Remove directory /home/jhonny/.azure/telemetry/20260723213906862
4330 : 2026-07-23 21:39:06,985 : INFO : telemetry.client : Accumulated 1 events. Flush the clients.
4330 : 2026-07-23 21:39:06,986 : INFO : telemetry.client : Flush client c4395b75-49cc-422c-bc95-c7d51aef5d46.
4330 : 2026-07-23 21:39:07,058 : INFO : telemetry.sender : Sending 4600 bytes
4330 : 2026-07-23 21:39:07,058 : INFO : telemetry.sender : Finish uploading in 0.072208 seconds.
4523 : 2026-07-23 21:44:55,339 : INFO : telemetry.main : Attempt start. Configuration directory [/home/jhonny/.azure]. Cache directory [/home/jhonny/.azure/telemetry/20260723214455254].
4523 : 2026-07-23 21:44:55,358 : INFO : telemetry.records : 1 cache files to upload.
4523 : 2026-07-23 21:44:55,358 : INFO : telemetry.records : Processed file /home/jhonny/.azure/telemetry/20260723214455254/cache into 1 records.
4523 : 2026-07-23 21:44:55,358 : INFO : telemetry.records : Remove directory /home/jhonny/.azure/telemetry/20260723214455254
4523 : 2026-07-23 21:44:55,359 : INFO : telemetry.client : Accumulated 1 events. Flush the clients.
4523 : 2026-07-23 21:44:55,359 : INFO : telemetry.client : Flush client c4395b75-49cc-422c-bc95-c7d51aef5d46.
4523 : 2026-07-23 21:44:55,424 : INFO : telemetry.sender : Sending 4580 bytes
4523 : 2026-07-23 21:44:55,424 : INFO : telemetry.sender : Finish uploading in 0.064881 seconds.
5929 : 2026-07-23 22:31:02,244 : INFO : telemetry.main : Attempt start. Configuration directory [/home/jhonny/.azure]. Cache directory [/home/jhonny/.azure/telemetry/20260723223102127].
5929 : 2026-07-23 22:31:02,255 : INFO : telemetry.records : 1 cache files to upload.
5929 : 2026-07-23 22:31:02,255 : INFO : telemetry.records : Processed file /home/jhonny/.azure/telemetry/20260723223102127/cache into 1 records.
5929 : 2026-07-23 22:31:02,255 : INFO : telemetry.records : Remove directory /home/jhonny/.azure/telemetry/20260723223102127
5929 : 2026-07-23 22:31:02,256 : INFO : telemetry.client : Accumulated 1 events. Flush the clients.
5929 : 2026-07-23 22:31:02,256 : INFO : telemetry.client : Flush client c4395b75-49cc-422c-bc95-c7d51aef5d46.
5929 : 2026-07-23 22:31:02,312 : INFO : telemetry.sender : Sending 4532 bytes
5929 : 2026-07-23 22:31:02,312 : INFO : telemetry.sender : Finish uploading in 0.055260 seconds.
5952 : 2026-07-23 22:31:02,585 : INFO : telemetry.main : Attempt start. Configuration directory [/home/jhonny/.azure]. Cache directory [/home/jhonny/.azure/telemetry/20260723223102496].
5952 : 2026-07-23 22:31:02,596 : INFO : telemetry.records : 1 cache files to upload.
5952 : 2026-07-23 22:31:02,596 : INFO : telemetry.records : Processed file /home/jhonny/.azure/telemetry/20260723223102496/cache into 1 records.
5952 : 2026-07-23 22:31:02,596 : INFO : telemetry.records : Remove directory /home/jhonny/.azure/telemetry/20260723223102496
5952 : 2026-07-23 22:31:02,597 : INFO : telemetry.client : Accumulated 1 events. Flush the clients.
5952 : 2026-07-23 22:31:02,597 : INFO : telemetry.client : Flush client c4395b75-49cc-422c-bc95-c7d51aef5d46.
5952 : 2026-07-23 22:31:02,679 : INFO : telemetry.sender : Sending 4450 bytes
5952 : 2026-07-23 22:31:02,679 : INFO : telemetry.sender : Finish uploading in 0.081807 seconds.
5967 : 2026-07-23 22:31:12,517 : INFO : telemetry.main : Attempt start. Configuration directory [/home/jhonny/.azure]. Cache directory [/home/jhonny/.azure/telemetry/20260723223112416].
5967 : 2026-07-23 22:31:12,528 : INFO : telemetry.records : 1 cache files to upload.
5967 : 2026-07-23 22:31:12,528 : INFO : telemetry.records : Processed file /home/jhonny/.azure/telemetry/20260723223112416/cache into 1 records.
5967 : 2026-07-23 22:31:12,528 : INFO : telemetry.records : Remove directory /home/jhonny/.azure/telemetry/20260723223112416
5967 : 2026-07-23 22:31:12,529 : INFO : telemetry.client : Accumulated 1 events. Flush the clients.
5967 : 2026-07-23 22:31:12,529 : INFO : telemetry.client : Flush client c4395b75-49cc-422c-bc95-c7d51aef5d46.
5967 : 2026-07-23 22:31:12,583 : INFO : telemetry.sender : Sending 4557 bytes
5967 : 2026-07-23 22:31:12,584 : INFO : telemetry.sender : Finish uploading in 0.054523 seconds.
6271 : 2026-07-23 22:39:20,311 : INFO : telemetry.main : Attempt start. Configuration directory [/home/jhonny/.azure]. Cache directory [/home/jhonny/.azure/telemetry/20260723223920203].
6271 : 2026-07-23 22:39:20,322 : INFO : telemetry.records : 1 cache files to upload.
6271 : 2026-07-23 22:39:20,323 : INFO : telemetry.records : Processed file /home/jhonny/.azure/telemetry/20260723223920203/cache into 1 records.
6271 : 2026-07-23 22:39:20,323 : INFO : telemetry.records : Remove directory /home/jhonny/.azure/telemetry/20260723223920203
6271 : 2026-07-23 22:39:20,323 : INFO : telemetry.client : Accumulated 1 events. Flush the clients.
6271 : 2026-07-23 22:39:20,323 : INFO : telemetry.client : Flush client c4395b75-49cc-422c-bc95-c7d51aef5d46.
6271 : 2026-07-23 22:39:20,378 : INFO : telemetry.sender : Sending 4552 bytes
6271 : 2026-07-23 22:39:20,378 : INFO : telemetry.sender : Finish uploading in 0.054419 seconds.
6286 : 2026-07-23 22:39:27,665 : INFO : telemetry.main : Attempt start. Configuration directory [/home/jhonny/.azure]. Cache directory [/home/jhonny/.azure/telemetry/20260723223927589].
6286 : 2026-07-23 22:39:27,677 : INFO : telemetry.records : 1 cache files to upload.
6286 : 2026-07-23 22:39:27,677 : INFO : telemetry.records : Processed file /home/jhonny/.azure/telemetry/20260723223927589/cache into 1 records.
6286 : 2026-07-23 22:39:27,677 : INFO : telemetry.records : Remove directory /home/jhonny/.azure/telemetry/20260723223927589
6286 : 2026-07-23 22:39:27,678 : INFO : telemetry.client : Accumulated 1 events. Flush the clients.
6286 : 2026-07-23 22:39:27,678 : INFO : telemetry.client : Flush client c4395b75-49cc-422c-bc95-c7d51aef5d46.
6286 : 2026-07-23 22:39:27,734 : INFO : telemetry.sender : Sending 4595 bytes
6286 : 2026-07-23 22:39:27,734 : INFO : telemetry.sender : Finish uploading in 0.056283 seconds.
6312 : 2026-07-23 22:39:53,197 : INFO : telemetry.main : Attempt start. Configuration directory [/home/jhonny/.azure]. Cache directory [/home/jhonny/.azure/telemetry/20260723223953089].
6312 : 2026-07-23 22:39:53,212 : INFO : telemetry.records : 1 cache files to upload.
6312 : 2026-07-23 22:39:53,213 : INFO : telemetry.records : Processed file /home/jhonny/.azure/telemetry/20260723223953089/cache into 1 records.
6312 : 2026-07-23 22:39:53,213 : INFO : telemetry.records : Remove directory /home/jhonny/.azure/telemetry/20260723223953089
6312 : 2026-07-23 22:39:53,213 : INFO : telemetry.client : Accumulated 1 events. Flush the clients.
6312 : 2026-07-23 22:39:53,214 : INFO : telemetry.client : Flush client c4395b75-49cc-422c-bc95-c7d51aef5d46.
6312 : 2026-07-23 22:39:53,284 : INFO : telemetry.sender : Sending 4600 bytes
6312 : 2026-07-23 22:39:53,284 : INFO : telemetry.sender : Finish uploading in 0.070648 seconds.
6659 : 2026-07-23 22:50:17,220 : INFO : telemetry.main : Attempt start. Configuration directory [/home/jhonny/.azure]. Cache directory [/home/jhonny/.azure/telemetry/20260723225017113].
6659 : 2026-07-23 22:50:17,231 : INFO : telemetry.records : 1 cache files to upload.
6659 : 2026-07-23 22:50:17,231 : INFO : telemetry.records : Processed file /home/jhonny/.azure/telemetry/20260723225017113/cache into 1 records.
6659 : 2026-07-23 22:50:17,231 : INFO : telemetry.records : Remove directory /home/jhonny/.azure/telemetry/20260723225017113
6659 : 2026-07-23 22:50:17,232 : INFO : telemetry.client : Accumulated 1 events. Flush the clients.
6659 : 2026-07-23 22:50:17,232 : INFO : telemetry.client : Flush client c4395b75-49cc-422c-bc95-c7d51aef5d46.
6659 : 2026-07-23 22:50:17,291 : INFO : telemetry.sender : Sending 4557 bytes
6659 : 2026-07-23 22:50:17,291 : INFO : telemetry.sender : Finish uploading in 0.059431 seconds.
7072 : 2026-07-23 23:03:24,857 : INFO : telemetry.main : Attempt start. Configuration directory [/home/jhonny/.azure]. Cache directory [/home/jhonny/.azure/telemetry/20260723230324749].
7072 : 2026-07-23 23:03:24,868 : INFO : telemetry.records : 1 cache files to upload.
7072 : 2026-07-23 23:03:24,868 : INFO : telemetry.records : Processed file /home/jhonny/.azure/telemetry/20260723230324749/cache into 1 records.
7072 : 2026-07-23 23:03:24,868 : INFO : telemetry.records : Remove directory /home/jhonny/.azure/telemetry/20260723230324749
7072 : 2026-07-23 23:03:24,869 : INFO : telemetry.client : Accumulated 1 events. Flush the clients.
7072 : 2026-07-23 23:03:24,869 : INFO : telemetry.client : Flush client c4395b75-49cc-422c-bc95-c7d51aef5d46.
7072 : 2026-07-23 23:03:25,102 : INFO : telemetry.sender : Sending 4557 bytes
7072 : 2026-07-23 23:03:25,102 : INFO : telemetry.sender : Finish uploading in 0.233508 seconds.
7117 : 2026-07-23 23:04:37,336 : INFO : telemetry.main : Attempt start. Configuration directory [/home/jhonny/.azure]. Cache directory [/home/jhonny/.azure/telemetry/20260723230437230].
7117 : 2026-07-23 23:04:37,354 : INFO : telemetry.records : 1 cache files to upload.
7117 : 2026-07-23 23:04:37,354 : INFO : telemetry.records : Processed file /home/jhonny/.azure/telemetry/20260723230437230/cache into 1 records.
7117 : 2026-07-23 23:04:37,355 : INFO : telemetry.records : Remove directory /home/jhonny/.azure/telemetry/20260723230437230
7117 : 2026-07-23 23:04:37,355 : INFO : telemetry.client : Accumulated 1 events. Flush the clients.
7117 : 2026-07-23 23:04:37,355 : INFO : telemetry.client : Flush client c4395b75-49cc-422c-bc95-c7d51aef5d46.
7117 : 2026-07-23 23:04:37,435 : INFO : telemetry.sender : Sending 4552 bytes
7117 : 2026-07-23 23:04:37,435 : INFO : telemetry.sender : Finish uploading in 0.079251 seconds.
7143 : 2026-07-23 23:04:56,729 : INFO : telemetry.main : Attempt start. Configuration directory [/home/jhonny/.azure]. Cache directory [/home/jhonny/.azure/telemetry/20260723230456651].
7143 : 2026-07-23 23:04:56,740 : INFO : telemetry.records : 1 cache files to upload.
7143 : 2026-07-23 23:04:56,741 : INFO : telemetry.records : Processed file /home/jhonny/.azure/telemetry/20260723230456651/cache into 1 records.
7143 : 2026-07-23 23:04:56,741 : INFO : telemetry.records : Remove directory /home/jhonny/.azure/telemetry/20260723230456651
7143 : 2026-07-23 23:04:56,741 : INFO : telemetry.client : Accumulated 1 events. Flush the clients.
7143 : 2026-07-23 23:04:56,741 : INFO : telemetry.client : Flush client c4395b75-49cc-422c-bc95-c7d51aef5d46.
7143 : 2026-07-23 23:04:56,808 : INFO : telemetry.sender : Sending 4804 bytes
7143 : 2026-07-23 23:04:56,808 : INFO : telemetry.sender : Finish uploading in 0.066742 seconds.
7158 : 2026-07-23 23:04:58,355 : INFO : telemetry.main : Attempt start. Configuration directory [/home/jhonny/.azure]. Cache directory [/home/jhonny/.azure/telemetry/20260723230458248].
7158 : 2026-07-23 23:04:58,371 : INFO : telemetry.records : 1 cache files to upload.
7158 : 2026-07-23 23:04:58,372 : INFO : telemetry.records : Processed file /home/jhonny/.azure/telemetry/20260723230458248/cache into 1 records.
7158 : 2026-07-23 23:04:58,372 : INFO : telemetry.records : Remove directory /home/jhonny/.azure/telemetry/20260723230458248
7158 : 2026-07-23 23:04:58,372 : INFO : telemetry.client : Accumulated 1 events. Flush the clients.
7158 : 2026-07-23 23:04:58,373 : INFO : telemetry.client : Flush client c4395b75-49cc-422c-bc95-c7d51aef5d46.
7158 : 2026-07-23 23:04:58,446 : INFO : telemetry.sender : Sending 4687 bytes
7158 : 2026-07-23 23:04:58,447 : INFO : telemetry.sender : Finish uploading in 0.073528 seconds.
